  Identification des projets ├á restaurer...
  Tous les projets sont ├á jour pour la restauration.
C:\Program Files\dotnet\sdk\10.0.103\Microsoft.Common.CurrentVersion.targets(5381,5): warning MSB3026: Impossible de copier "C:\recouvrement_client\backend\obj\Debug\net10.0\apphost.exe" vers "bin\Debug\net10.0\RecouvrementAPI.exe". Nouvelle tentative de l'op├®ration 1 dans 1000┬áms. The process cannot access the file 'C:\recouvrement_client\backend\bin\Debug\net10.0\RecouvrementAPI.exe' because it is being used by another process. Le fichier est verrouill├® par┬á: "RecouvrementAPI (23776)" [C:\recouvrement_client\backend\RecouvrementAPI.csproj]
C:\Program Files\dotnet\sdk\10.0.103\Microsoft.Common.CurrentVersion.targets(5381,5): warning MSB3026: Impossible de copier "C:\recouvrement_client\backend\obj\Debug\net10.0\apphost.exe" vers "bin\Debug\net10.0\RecouvrementAPI.exe". Nouvelle tentative de l'op├®ration 2 dans 1000┬áms. The process cannot access the file 'C:\recouvrement_client\backend\bin\Debug\net10.0\RecouvrementAPI.exe' because it is being used by another process. Le fichier est verrouill├® par┬á: "RecouvrementAPI (23776)" [C:\recouvrement_client\backend\RecouvrementAPI.csproj]
C:\Program Files\dotnet\sdk\10.0.103\Microsoft.Common.CurrentVersion.targets(5381,5): warning MSB3026: Impossible de copier "C:\recouvrement_client\backend\obj\Debug\net10.0\apphost.exe" vers "bin\Debug\net10.0\RecouvrementAPI.exe". Nouvelle tentative de l'op├®ration 3 dans 1000┬áms. The process cannot access the file 'C:\recouvrement_client\backend\bin\Debug\net10.0\RecouvrementAPI.exe' because it is being used by another process. Le fichier est verrouill├® par┬á: "RecouvrementAPI (23776)" [C:\recouvrement_client\backend\RecouvrementAPI.csproj]
C:\Program Files\dotnet\sdk\10.0.103\Microsoft.Common.CurrentVersion.targets(5381,5): warning MSB3026: Impossible de copier "C:\recouvrement_client\backend\obj\Debug\net10.0\apphost.exe" vers "bin\Debug\net10.0\RecouvrementAPI.exe". Nouvelle tentative de l'op├®ration 4 dans 1000┬áms. The process cannot access the file 'C:\recouvrement_client\backend\bin\Debug\net10.0\RecouvrementAPI.exe' because it is being used by another process. Le fichier est verrouill├® par┬á: "RecouvrementAPI (23776)" [C:\recouvrement_client\backend\RecouvrementAPI.csproj]
C:\Program Files\dotnet\sdk\10.0.103\Microsoft.Common.CurrentVersion.targets(5381,5): warning MSB3026: Impossible de copier "C:\recouvrement_client\backend\obj\Debug\net10.0\apphost.exe" vers "bin\Debug\net10.0\RecouvrementAPI.exe". Nouvelle tentative de l'op├®ration 5 dans 1000┬áms. The process cannot access the file 'C:\recouvrement_client\backend\bin\Debug\net10.0\RecouvrementAPI.exe' because it is being used by another process. Le fichier est verrouill├® par┬á: "RecouvrementAPI (23776)" [C:\recouvrement_client\backend\RecouvrementAPI.csproj]
C:\Program Files\dotnet\sdk\10.0.103\Microsoft.Common.CurrentVersion.targets(5381,5): warning MSB3026: Impossible de copier "C:\recouvrement_client\backend\obj\Debug\net10.0\apphost.exe" vers "bin\Debug\net10.0\RecouvrementAPI.exe". Nouvelle tentative de l'op├®ration 6 dans 1000┬áms. The process cannot access the file 'C:\recouvrement_client\backend\bin\Debug\net10.0\RecouvrementAPI.exe' because it is being used by another process. Le fichier est verrouill├® par┬á: "RecouvrementAPI (23776)" [C:\recouvrement_client\backend\RecouvrementAPI.csproj]
C:\Program Files\dotnet\sdk\10.0.103\Microsoft.Common.CurrentVersion.targets(5381,5): warning MSB3026: Impossible de copier "C:\recouvrement_client\backend\obj\Debug\net10.0\apphost.exe" vers "bin\Debug\net10.0\RecouvrementAPI.exe". Nouvelle tentative de l'op├®ration 7 dans 1000┬áms. The process cannot access the file 'C:\recouvrement_client\backend\bin\Debug\net10.0\RecouvrementAPI.exe' because it is being used by another process. Le fichier est verrouill├® par┬á: "RecouvrementAPI (23776)" [C:\recouvrement_client\backend\RecouvrementAPI.csproj]
C:\Program Files\dotnet\sdk\10.0.103\Microsoft.Common.CurrentVersion.targets(5381,5): warning MSB3026: Impossible de copier "C:\recouvrement_client\backend\obj\Debug\net10.0\apphost.exe" vers "bin\Debug\net10.0\RecouvrementAPI.exe". Nouvelle tentative de l'op├®ration 8 dans 1000┬áms. The process cannot access the file 'C:\recouvrement_client\backend\bin\Debug\net10.0\RecouvrementAPI.exe' because it is being used by another process. Le fichier est verrouill├® par┬á: "RecouvrementAPI (23776)" [C:\recouvrement_client\backend\RecouvrementAPI.csproj]
C:\Program Files\dotnet\sdk\10.0.103\Microsoft.Common.CurrentVersion.targets(5381,5): warning MSB3026: Impossible de copier "C:\recouvrement_client\backend\obj\Debug\net10.0\apphost.exe" vers "bin\Debug\net10.0\RecouvrementAPI.exe". Nouvelle tentative de l'op├®ration 9 dans 1000┬áms. The process cannot access the file 'C:\recouvrement_client\backend\bin\Debug\net10.0\RecouvrementAPI.exe' because it is being used by another process. Le fichier est verrouill├® par┬á: "RecouvrementAPI (23776)" [C:\recouvrement_client\backend\RecouvrementAPI.csproj]
C:\Program Files\dotnet\sdk\10.0.103\Microsoft.Common.CurrentVersion.targets(5381,5): warning MSB3026: Impossible de copier "C:\recouvrement_client\backend\obj\Debug\net10.0\apphost.exe" vers "bin\Debug\net10.0\RecouvrementAPI.exe". Nouvelle tentative de l'op├®ration 10 dans 1000┬áms. The process cannot access the file 'C:\recouvrement_client\backend\bin\Debug\net10.0\RecouvrementAPI.exe' because it is being used by another process. Le fichier est verrouill├® par┬á: "RecouvrementAPI (23776)" [C:\recouvrement_client\backend\RecouvrementAPI.csproj]
C:\Program Files\dotnet\sdk\10.0.103\Microsoft.Common.CurrentVersion.targets(5381,5): error MSB3027: Impossible de copier "C:\recouvrement_client\backend\obj\Debug\net10.0\apphost.exe" vers "bin\Debug\net10.0\RecouvrementAPI.exe". D├®passement du nombre maximal de nouvelles tentatives de 10. ├ëchec. Le fichier est verrouill├® par┬á: "RecouvrementAPI (23776)" [C:\recouvrement_client\backend\RecouvrementAPI.csproj]
C:\Program Files\dotnet\sdk\10.0.103\Microsoft.Common.CurrentVersion.targets(5381,5): error MSB3021: Impossible de copier le fichier "C:\recouvrement_client\backend\obj\Debug\net10.0\apphost.exe" vers "bin\Debug\net10.0\RecouvrementAPI.exe". The process cannot access the file 'C:\recouvrement_client\backend\bin\Debug\net10.0\RecouvrementAPI.exe' because it is being used by another process. [C:\recouvrement_client\backend\RecouvrementAPI.csproj]

├ëCHEC de la build.

C:\Program Files\dotnet\sdk\10.0.103\Microsoft.Common.CurrentVersion.targets(5381,5): warning MSB3026: Impossible de copier "C:\recouvrement_client\backend\obj\Debug\net10.0\apphost.exe" vers "bin\Debug\net10.0\RecouvrementAPI.exe". Nouvelle tentative de l'op├®ration 1 dans 1000┬áms. The process cannot access the file 'C:\recouvrement_client\backend\bin\Debug\net10.0\RecouvrementAPI.exe' because it is being used by another process. Le fichier est verrouill├® par┬á: "RecouvrementAPI (23776)" [C:\recouvrement_client\backend\RecouvrementAPI.csproj]
C:\Program Files\dotnet\sdk\10.0.103\Microsoft.Common.CurrentVersion.targets(5381,5): warning MSB3026: Impossible de copier "C:\recouvrement_client\backend\obj\Debug\net10.0\apphost.exe" vers "bin\Debug\net10.0\RecouvrementAPI.exe". Nouvelle tentative de l'op├®ration 2 dans 1000┬áms. The process cannot access the file 'C:\recouvrement_client\backend\bin\Debug\net10.0\RecouvrementAPI.exe' because it is being used by another process. Le fichier est verrouill├® par┬á: "RecouvrementAPI (23776)" [C:\recouvrement_client\backend\RecouvrementAPI.csproj]
C:\Program Files\dotnet\sdk\10.0.103\Microsoft.Common.CurrentVersion.targets(5381,5): warning MSB3026: Impossible de copier "C:\recouvrement_client\backend\obj\Debug\net10.0\apphost.exe" vers "bin\Debug\net10.0\RecouvrementAPI.exe". Nouvelle tentative de l'op├®ration 3 dans 1000┬áms. The process cannot access the file 'C:\recouvrement_client\backend\bin\Debug\net10.0\RecouvrementAPI.exe' because it is being used by another process. Le fichier est verrouill├® par┬á: "RecouvrementAPI (23776)" [C:\recouvrement_client\backend\RecouvrementAPI.csproj]
C:\Program Files\dotnet\sdk\10.0.103\Microsoft.Common.CurrentVersion.targets(5381,5): warning MSB3026: Impossible de copier "C:\recouvrement_client\backend\obj\Debug\net10.0\apphost.exe" vers "bin\Debug\net10.0\RecouvrementAPI.exe". Nouvelle tentative de l'op├®ration 4 dans 1000┬áms. The process cannot access the file 'C:\recouvrement_client\backend\bin\Debug\net10.0\RecouvrementAPI.exe' because it is being used by another process. Le fichier est verrouill├® par┬á: "RecouvrementAPI (23776)" [C:\recouvrement_client\backend\RecouvrementAPI.csproj]
C:\Program Files\dotnet\sdk\10.0.103\Microsoft.Common.CurrentVersion.targets(5381,5): warning MSB3026: Impossible de copier "C:\recouvrement_client\backend\obj\Debug\net10.0\apphost.exe" vers "bin\Debug\net10.0\RecouvrementAPI.exe". Nouvelle tentative de l'op├®ration 5 dans 1000┬áms. The process cannot access the file 'C:\recouvrement_client\backend\bin\Debug\net10.0\RecouvrementAPI.exe' because it is being used by another process. Le fichier est verrouill├® par┬á: "RecouvrementAPI (23776)" [C:\recouvrement_client\backend\RecouvrementAPI.csproj]
C:\Program Files\dotnet\sdk\10.0.103\Microsoft.Common.CurrentVersion.targets(5381,5): warning MSB3026: Impossible de copier "C:\recouvrement_client\backend\obj\Debug\net10.0\apphost.exe" vers "bin\Debug\net10.0\RecouvrementAPI.exe". Nouvelle tentative de l'op├®ration 6 dans 1000┬áms. The process cannot access the file 'C:\recouvrement_client\backend\bin\Debug\net10.0\RecouvrementAPI.exe' because it is being used by another process. Le fichier est verrouill├® par┬á: "RecouvrementAPI (23776)" [C:\recouvrement_client\backend\RecouvrementAPI.csproj]
C:\Program Files\dotnet\sdk\10.0.103\Microsoft.Common.CurrentVersion.targets(5381,5): warning MSB3026: Impossible de copier "C:\recouvrement_client\backend\obj\Debug\net10.0\apphost.exe" vers "bin\Debug\net10.0\RecouvrementAPI.exe". Nouvelle tentative de l'op├®ration 7 dans 1000┬áms. The process cannot access the file 'C:\recouvrement_client\backend\bin\Debug\net10.0\RecouvrementAPI.exe' because it is being used by another process. Le fichier est verrouill├® par┬á: "RecouvrementAPI (23776)" [C:\recouvrement_client\backend\RecouvrementAPI.csproj]
C:\Program Files\dotnet\sdk\10.0.103\Microsoft.Common.CurrentVersion.targets(5381,5): warning MSB3026: Impossible de copier "C:\recouvrement_client\backend\obj\Debug\net10.0\apphost.exe" vers "bin\Debug\net10.0\RecouvrementAPI.exe". Nouvelle tentative de l'op├®ration 8 dans 1000┬áms. The process cannot access the file 'C:\recouvrement_client\backend\bin\Debug\net10.0\RecouvrementAPI.exe' because it is being used by another process. Le fichier est verrouill├® par┬á: "RecouvrementAPI (23776)" [C:\recouvrement_client\backend\RecouvrementAPI.csproj]
C:\Program Files\dotnet\sdk\10.0.103\Microsoft.Common.CurrentVersion.targets(5381,5): warning MSB3026: Impossible de copier "C:\recouvrement_client\backend\obj\Debug\net10.0\apphost.exe" vers "bin\Debug\net10.0\RecouvrementAPI.exe". Nouvelle tentative de l'op├®ration 9 dans 1000┬áms. The process cannot access the file 'C:\recouvrement_client\backend\bin\Debug\net10.0\RecouvrementAPI.exe' because it is being used by another process. Le fichier est verrouill├® par┬á: "RecouvrementAPI (23776)" [C:\recouvrement_client\backend\RecouvrementAPI.csproj]
C:\Program Files\dotnet\sdk\10.0.103\Microsoft.Common.CurrentVersion.targets(5381,5): warning MSB3026: Impossible de copier "C:\recouvrement_client\backend\obj\Debug\net10.0\apphost.exe" vers "bin\Debug\net10.0\RecouvrementAPI.exe". Nouvelle tentative de l'op├®ration 10 dans 1000┬áms. The process cannot access the file 'C:\recouvrement_client\backend\bin\Debug\net10.0\RecouvrementAPI.exe' because it is being used by another process. Le fichier est verrouill├® par┬á: "RecouvrementAPI (23776)" [C:\recouvrement_client\backend\RecouvrementAPI.csproj]
C:\Program Files\dotnet\sdk\10.0.103\Microsoft.Common.CurrentVersion.targets(5381,5): error MSB3027: Impossible de copier "C:\recouvrement_client\backend\obj\Debug\net10.0\apphost.exe" vers "bin\Debug\net10.0\RecouvrementAPI.exe". D├®passement du nombre maximal de nouvelles tentatives de 10. ├ëchec. Le fichier est verrouill├® par┬á: "RecouvrementAPI (23776)" [C:\recouvrement_client\backend\RecouvrementAPI.csproj]
C:\Program Files\dotnet\sdk\10.0.103\Microsoft.Common.CurrentVersion.targets(5381,5): error MSB3021: Impossible de copier le fichier "C:\recouvrement_client\backend\obj\Debug\net10.0\apphost.exe" vers "bin\Debug\net10.0\RecouvrementAPI.exe". The process cannot access the file 'C:\recouvrement_client\backend\bin\Debug\net10.0\RecouvrementAPI.exe' because it is being used by another process. [C:\recouvrement_client\backend\RecouvrementAPI.csproj]
    10 Avertissement(s)
    2 Erreur(s)

Temps ├®coul├® 00:00:12.84
